\BOOKMARK [1][-]{section.1}{\376\377\000I\000n\000t\000r\000o\000d\000u\000z\000i\000o\000n\000e}{}% 1
\BOOKMARK [2][-]{subsection.1.1}{\376\377\000S\000c\000o\000p\000o\000\040\000d\000e\000l\000\040\000D\000o\000c\000u\000m\000e\000n\000t\000o}{section.1}% 2
\BOOKMARK [2][-]{subsection.1.2}{\376\377\000V\000i\000s\000i\000o\000n\000e\000\040\000d\000e\000l\000\040\000P\000r\000o\000g\000e\000t\000t\000o}{section.1}% 3
\BOOKMARK [2][-]{subsection.1.3}{\376\377\000T\000a\000r\000g\000e\000t\000\040\000d\000i\000\040\000M\000e\000r\000c\000a\000t\000o}{section.1}% 4
\BOOKMARK [2][-]{subsection.1.4}{\376\377\000G\000l\000o\000s\000s\000a\000r\000i\000o}{section.1}% 5
\BOOKMARK [1][-]{section.2}{\376\377\000A\000r\000c\000h\000i\000t\000e\000t\000t\000u\000r\000a\000\040\000d\000i\000\040\000S\000i\000s\000t\000e\000m\000a}{}% 6
\BOOKMARK [2][-]{subsection.2.1}{\376\377\000P\000a\000n\000o\000r\000a\000m\000i\000c\000a\000\040\000A\000r\000c\000h\000i\000t\000e\000t\000t\000u\000r\000a\000l\000e}{section.2}% 7
\BOOKMARK [2][-]{subsection.2.2}{\376\377\000P\000r\000i\000n\000c\000i\000p\000i\000\040\000A\000r\000c\000h\000i\000t\000e\000t\000t\000u\000r\000a\000l\000i}{section.2}% 8
\BOOKMARK [1][-]{section.3}{\376\377\000R\000e\000q\000u\000i\000s\000i\000t\000i\000\040\000F\000u\000n\000z\000i\000o\000n\000a\000l\000i}{}% 9
\BOOKMARK [2][-]{subsection.3.1}{\376\377\000R\000F\000-\0000\0001\000:\000\040\000R\000i\000l\000e\000v\000a\000m\000e\000n\000t\000o\000\040\000A\000n\000o\000m\000a\000l\000i\000e\000\040\000C\000o\000m\000p\000o\000r\000t\000a\000m\000e\000n\000t\000a\000l\000i\000\040\000\050\000A\000c\000t\000i\000o\000n\000\040\000R\000e\000c\000o\000g\000n\000i\000t\000i\000o\000n\000\051}{section.3}% 10
\BOOKMARK [3][-]{subsubsection.3.1.1}{\376\377\000P\000i\000p\000e\000l\000i\000n\000e\000\040\000d\000i\000\040\000E\000l\000a\000b\000o\000r\000a\000z\000i\000o\000n\000e}{subsection.3.1}% 11
\BOOKMARK [3][-]{subsubsection.3.1.2}{\376\377\000M\000o\000d\000e\000l\000l\000i\000\040\000C\000a\000n\000d\000i\000d\000a\000t\000i}{subsection.3.1}% 12
\BOOKMARK [3][-]{subsubsection.3.1.3}{\376\377\000S\000f\000i\000d\000e\000\040\000T\000e\000c\000n\000i\000c\000h\000e}{subsection.3.1}% 13
\BOOKMARK [2][-]{subsection.3.2}{\376\377\000R\000F\000-\0000\0002\000:\000\040\000C\000o\000n\000t\000e\000g\000g\000i\000o\000\040\000C\000a\000p\000i\000\040\000n\000e\000i\000\040\000C\000a\000m\000e\000r\000i\000n\000i\000\040\000\050\000O\000b\000j\000e\000c\000t\000\040\000C\000o\000u\000n\000t\000i\000n\000g\000\040\000/\000\040\000R\000e\000-\000I\000D\000\051}{section.3}% 14
\BOOKMARK [3][-]{subsubsection.3.2.1}{\376\377\000P\000i\000p\000e\000l\000i\000n\000e\000\040\000d\000i\000\040\000E\000l\000a\000b\000o\000r\000a\000z\000i\000o\000n\000e}{subsection.3.2}% 15
\BOOKMARK [3][-]{subsubsection.3.2.2}{\376\377\000S\000f\000i\000d\000e\000\040\000T\000e\000c\000n\000i\000c\000h\000e}{subsection.3.2}% 16
\BOOKMARK [2][-]{subsection.3.3}{\376\377\000R\000F\000-\0000\0003\000:\000\040\000S\000i\000s\000t\000e\000m\000a\000\040\000d\000i\000\040\000A\000l\000e\000r\000t\000\040\000e\000\040\000N\000o\000t\000i\000f\000i\000c\000h\000e}{section.3}% 17
\BOOKMARK [2][-]{subsection.3.4}{\376\377\000R\000F\000-\0000\0004\000:\000\040\000D\000a\000s\000h\000b\000o\000a\000r\000d\000\040\000d\000i\000\040\000M\000o\000n\000i\000t\000o\000r\000a\000g\000g\000i\000o\000\040\000L\000o\000c\000a\000l\000e}{section.3}% 18
\BOOKMARK [2][-]{subsection.3.5}{\376\377\000R\000F\000-\0000\0005\000:\000\040\000O\000s\000c\000u\000r\000a\000m\000e\000n\000t\000o\000\040\000V\000o\000l\000t\000i\000\040\000O\000n\000-\000t\000h\000e\000-\000E\000d\000g\000e}{section.3}% 19
\BOOKMARK [1][-]{section.4}{\376\377\000R\000e\000q\000u\000i\000s\000i\000t\000i\000\040\000N\000o\000n\000\040\000F\000u\000n\000z\000i\000o\000n\000a\000l\000i}{}% 20
\BOOKMARK [2][-]{subsection.4.1}{\376\377\000R\000N\000F\000-\0000\0001\000:\000\040\000P\000r\000e\000s\000t\000a\000z\000i\000o\000n\000i\000\040\000e\000\040\000L\000a\000t\000e\000n\000z\000a}{section.4}% 21
\BOOKMARK [2][-]{subsection.4.2}{\376\377\000R\000N\000F\000-\0000\0002\000:\000\040\000A\000f\000f\000i\000d\000a\000b\000i\000l\000i\000t\000\340\000\040\000e\000\040\000D\000i\000s\000p\000o\000n\000i\000b\000i\000l\000i\000t\000\340}{section.4}% 22
\BOOKMARK [2][-]{subsection.4.3}{\376\377\000R\000N\000F\000-\0000\0003\000:\000\040\000A\000c\000c\000u\000r\000a\000t\000e\000z\000z\000a\000\040\000d\000e\000i\000\040\000M\000o\000d\000e\000l\000l\000i\000\040\000A\000I}{section.4}% 23
\BOOKMARK [2][-]{subsection.4.4}{\376\377\000R\000N\000F\000-\0000\0004\000:\000\040\000S\000i\000c\000u\000r\000e\000z\000z\000a\000\040\000e\000\040\000P\000r\000i\000v\000a\000c\000y}{section.4}% 24
\BOOKMARK [2][-]{subsection.4.5}{\376\377\000R\000N\000F\000-\0000\0005\000:\000\040\000S\000c\000a\000l\000a\000b\000i\000l\000i\000t\000\340\000\040\000e\000\040\000M\000a\000n\000u\000t\000e\000n\000z\000i\000o\000n\000e}{section.4}% 25
\BOOKMARK [1][-]{section.5}{\376\377\000R\000e\000q\000u\000i\000s\000i\000t\000i\000\040\000H\000a\000r\000d\000w\000a\000r\000e}{}% 26
\BOOKMARK [2][-]{subsection.5.1}{\376\377\000R\000H\000-\0000\0001\000:\000\040\000S\000e\000r\000v\000e\000r\000\040\000E\000d\000g\000e}{section.5}% 27
\BOOKMARK [2][-]{subsection.5.2}{\376\377\000R\000H\000-\0000\0002\000:\000\040\000T\000e\000l\000e\000c\000a\000m\000e\000r\000e\000\040\000P\000r\000o\000p\000r\000i\000e\000t\000a\000r\000i\000e}{section.5}% 28
\BOOKMARK [2][-]{subsection.5.3}{\376\377\000R\000H\000-\0000\0003\000:\000\040\000C\000o\000n\000f\000i\000g\000u\000r\000a\000z\000i\000o\000n\000e\000\040\000T\000i\000p\000o\000\040\000p\000e\000r\000\040\000P\000u\000n\000t\000o\000\040\000V\000e\000n\000d\000i\000t\000a}{section.5}% 29
\BOOKMARK [1][-]{section.6}{\376\377\000R\000e\000q\000u\000i\000s\000i\000t\000i\000\040\000S\000o\000f\000t\000w\000a\000r\000e\000\040\000e\000\040\000S\000t\000a\000c\000k\000\040\000T\000e\000c\000n\000o\000l\000o\000g\000i\000c\000o}{}% 30
\BOOKMARK [2][-]{subsection.6.1}{\376\377\000R\000S\000-\0000\0001\000:\000\040\000S\000t\000a\000c\000k\000\040\000d\000i\000\040\000S\000v\000i\000l\000u\000p\000p\000o\000\040\000A\000I}{section.6}% 31
\BOOKMARK [2][-]{subsection.6.2}{\376\377\000R\000S\000-\0000\0002\000:\000\040\000S\000t\000a\000c\000k\000\040\000A\000p\000p\000l\000i\000c\000a\000t\000i\000v\000o}{section.6}% 32
\BOOKMARK [2][-]{subsection.6.3}{\376\377\000R\000S\000-\0000\0003\000:\000\040\000O\000t\000t\000i\000m\000i\000z\000z\000a\000z\000i\000o\000n\000e\000\040\000p\000e\000r\000\040\000E\000d\000g\000e}{section.6}% 33
\BOOKMARK [1][-]{section.7}{\376\377\000R\000e\000q\000u\000i\000s\000i\000t\000i\000\040\000d\000i\000\040\000C\000o\000m\000p\000l\000i\000a\000n\000c\000e\000\040\000e\000\040\000N\000o\000r\000m\000a\000t\000i\000v\000a}{}% 34
\BOOKMARK [2][-]{subsection.7.1}{\376\377\000R\000C\000-\0000\0001\000:\000\040\000G\000D\000P\000R\000\040\000\050\000R\000e\000g\000o\000l\000a\000m\000e\000n\000t\000o\000\040\000U\000E\000\040\0002\0000\0001\0006\000/\0006\0007\0009\000\051}{section.7}% 35
\BOOKMARK [2][-]{subsection.7.2}{\376\377\000R\000C\000-\0000\0002\000:\000\040\000E\000U\000\040\000A\000I\000\040\000A\000c\000t\000\040\000\050\000R\000e\000g\000o\000l\000a\000m\000e\000n\000t\000o\000\040\000U\000E\000\040\0002\0000\0002\0004\000/\0001\0006\0008\0009\000\051}{section.7}% 36
\BOOKMARK [2][-]{subsection.7.3}{\376\377\000R\000C\000-\0000\0003\000:\000\040\000I\000s\000p\000e\000t\000t\000o\000r\000a\000t\000o\000\040\000d\000e\000l\000\040\000L\000a\000v\000o\000r\000o\000\040\000e\000\040\000S\000i\000n\000d\000a\000c\000a\000t\000i}{section.7}% 37
\BOOKMARK [1][-]{section.8}{\376\377\000M\000a\000t\000r\000i\000c\000e\000\040\000d\000i\000\040\000T\000r\000a\000c\000c\000i\000a\000b\000i\000l\000i\000t\000\340\000\040\000d\000e\000i\000\040\000R\000e\000q\000u\000i\000s\000i\000t\000i}{}% 38
\BOOKMARK [1][-]{section.9}{\376\377\000R\000i\000s\000c\000h\000i\000\040\000T\000e\000c\000n\000i\000c\000i\000\040\000e\000\040\000M\000i\000t\000i\000g\000a\000z\000i\000o\000n\000i}{}% 39
\BOOKMARK [1][-]{section.10}{\376\377\000M\000e\000t\000r\000i\000c\000h\000e\000\040\000d\000i\000\040\000S\000u\000c\000c\000e\000s\000s\000o\000\040\000\050\000K\000P\000I\000\051}{}% 40
\BOOKMARK [1][-]{section.11}{\376\377\000P\000r\000o\000s\000s\000i\000m\000i\000\040\000P\000a\000s\000s\000i}{}% 41
